border_size=1
usage=map

Xos, Xos, Xos, Xos, Xos, Xos, Xos, Xos, Xos, Xos, Xos, Xos, Xos, Xos, Xos, Xos, Xos, Xos, Xos, Xos, Xos, Xos, Xos, Xos, Xos, Xos, Ur, Xos, Xos, Xos, Xos, Xos, Xos, Xos, Xos, Xos, Xos, Xos, Xos, Xos, Xos, Xos, Xos, Xos, Xos, Xos, Xos, Xos, Xos, Xos, Xos, Xos, Xos, Rr, Rr, Rr, Rr, Rr, Rr, Rr, Rr, Rr
Xos, Xos, Xos, Xos, Xos, Xos, Xos, Xos, Ur, Ur, Ur, Xos, Xos, Xos, Rr, Xos, Xos, Xos, Rr, Xos, Rr, Xos, Xos, Xos, Ur, Ur, Ur, Ur, Ur, Xos, Xos, Xos, Xos, Xos, Xos, Xos, Xos, Xos, Xos, Xos, Xos, Xos, Xos, Xos, Xos, Xos, Xos, Xos, Rr, Xos, Xos, Xos, Xos, Rr, Gg^Vc, Cud, Rr, Rr, Cud, Kud, Gg^Vc, Rr
Xos, Xos, Xos, Xos, Xos, Xos, Xos, Ur, Ur, Ur, Ur, Ur, Xos, Rr, Rr, Rr, Rr, Rr, Rr, Cud, Rr, Rr, Rr, Xos, Ur, Ur, Ur, Ur, Xos, Xos, Ur, Ur, Ur, Xos, Xos, Xos, Xos, Xos, Rr, Rr, Rr, Xos, Xos, Xos, Xos, Xos, Rr, Rr, Rr, Rr, Rr, Xos, Xos, Rr, Rr, Rr, Rr, Rr, Rr, Cud, Rr, Rr
Xos, Xos, Xos, Xos, Ur, Ur, Ur, Xos, Xos, Ur, Xos, Ur, Rr, Rr, Rr, Rr, Rr, Rr, Xos, Rr, Rr, Rr, Rr, Rr, Rr, Xos, Xos, Xos, Ur, Ur, Ur, Ur, Xos, Xos, Xos, Xos, Cud, Rr, Xos, Rd, Rd, Rr, Rr, Xos, Rr, Rr, Rr, Rr, Rr, Rr, Rr, Rr, Xos, Cud, Cud, Rr, Rr, Cud, Rr, Rr, Kud, Cud
Xos, Xos, Xos, Ur, Ur, Ur, Ur, Ur, Xos, Xos, Rr, Rr, Rr, Rr, Rr, Rr, Xos, Xos, Xos, Xos, Xos, Rr, Rr, Rr, Rr, Rr, Rr, Ur, Xos, Ur, Xos, Xos, Gg, Gg, Gg, Xos, Xos, Xos, Xos, Xos, Xos, Rr, Rr, Xos, Uu^Vud, Rr, Rr, Rr, Rr, Rr, Rr, Rr, Xos, Cud, Cud, Cud, Cud, Gg^Vc, Cud, Cud, Cud, Cud
Xos, Xos, Xos, Ur, Ur, Ur, Ur, Ur, Rr, Rr, Rr, Rr, Rr, Rr, Rr, Xos, Rr, Rr, Rr, Xos, Xos, Xos, Xos, Cud, Rr, Rr, Rr, Rr, Rr, Xos, Gg, Gg, Gs^Fp, Gg, Gs^Fp, Gg, Gg, Xos, Xos, Xos, Xos, Rr, Rr, Xos, Rr, Rr, Rr, Uu^Vud, Xos, Rr, Rr, Rr, Xos, Rr, Rr, Cud, Cud, Cud, Cud, Cud, Xos, Xos
Xos, Xos, Xos, Xos, Xos, Ur, Xos, Xos, Rr, Rr, Rr, Rr, Rr, Xos, Rr, Xos, Rr^Z/, Xos, Rr, Xos, Rr, Rr, Rr, Xos, Xos, Rr, Rr, Rr, Gg, Gg, Gg, Gg, Gg, Gg, Gg, Gg, Gg, Gg, Xos, Xos, Xos, Rd, Rr, Xos, Rr, Rr, Rr, Rr, Xos, Rr, Rr, Rr, Xos, Rr, Rr, Rr, Rr, Cud, Cud, Cud, Xos, Xos
Xos, Xos, Xos, Xos, Ur, Xos, Xos, Xos, Rr, Rr, Rr, Rr, Xos, Xos, Rr, Xos, Rr, Xos, Rr, Xos, Rr, Xos, Xos, Rr, Xos, Xos, Xos, Rr, Gg, Gg, Gg, Gg, Gg^Vh, Gg, Gg, Gg^Ve, Gg, Gg, Xos, Xos, Xos, Uu, Uu, Xos, Rr, Rr, Rr, Rr, Xos, Rr, Rr, Rr, Rr, Xos, Rr, Rr, Rr, Rr, Rr, Cud, Xos, Xos
Xos, Xos, Ur, Ur, Ur, Ur, Ur, Xos, Rr, Rr, Rr, Rr, Xos, Rr^Z\, Xos, Xos, Rr, Xos, Rr^Z/, Xos, Rr^Z\, Xos, Xos, Rr, Rr, Xos, Rr, Xos, Gg, Gg, Gg, Gs^Ft, Gs^Ft, Gs^Ft, Gs^Fp, Gs^Fp, Gg, Gg, Xos, Xos, Xos, Rr, Uh, Xos, Xos, Rr, Rr, Rr, Rr, Xos, Xos, Rr, Rr, Xos, Xos, Rr, Rr, Rr, Rr, Rr, Xos, Xos
Xos, Xos, Ur, Ur, Ur, Ur, Ur, Ur, Rr, Rr, Rr, Rr, Xos, Rr, Rr, Rr, Xos, Xos, Xos, Rr, Xos, Xos, Rr, Rr, Rr, Rr, Rr, Xos, Gg, Gg^Ve, Ww, Ww, Ww, Ww, Gs^Fp, Gs^Fp, Gg, Gg, Xos, Xos, Uu, Uu^Ii, Uu^Ii, Uh^Ii, Xos, Rr, Rr, Rr, Rr, Rr, Xos, Rr, Rr, Xos, Xos, Rr, Rr, Rr, Rr, Rr, Xos, Xos
Xos, Xos, Xos, Ur, Ur, Ur, Xos, Xos, Rr, Rr, Rr, Rr, Rr, Xos, Xos, Xos, Xos, Xos, Xos, Xos, Xos, Xos, Rr, Rr, Rr, Rr, Rr, Xos, Gg, Gg, Ww, Ww, Ww, Ww, Ww, Gg, Gg, Gg, Xos, Rr, Rd, Rd, Uu^Ii, Rd, Rr, Xos, Xos, Rr, Rr, Rr, Xos, Rr, Rr, Xos, Xos, Uu^Vud, Rr, Rr, Rr, Rr, Xos, Xos
Xos, Xos, Xos, Xos, Xos, Xos, Xos, Xos, Cud, Rr, Rr, Rr, Xos, Rr, Rr, Xos, Xos, Xos, Rr, Rr, Rr, Xos, Xos, Rr, Rr, Rr, Rr, Xos, Gg, Gg, Ww, Ww, Ww, Ww, Gs^Ft, Gs^Ft, Gg^Vh, Gg, Xos, Rr, Rd, Uu, Rd, Rd, Rr, Uh, Xos, Rr, Rr, Rr, Xos, Rr, Rr, Xos, Xos, Rr, Rr, Rr, Rr, Rr, Xos, Xos
Xos, Xos, Xos, Xos, Xos, Xos, Xos, Xos, Rr, Rr, Rr, Rr, Xos, Xos, Xos, Rr, Rr, Rr, Rr, Rr, Rr, Rr, Xos, Rr, Rr, Rr, Rr, Xos, Gg, Gs^Fp, Gs^Fp, Ww, Gg, Gg, Gs^Fp, Gg, Gg, Gg, Xos, Uu^Vu, Rd, Rd, Rd, Uu^Ii, Uu^Vud, Uh^Ii, Xos, Rr, Rr, Rr, Xos, Rr, Uu^Vud, Xos, Xos, Rr, Rr, Rr, Rr, Uu^Vud, Xos, Xos
Xos, Xos, Xos, Xos, Xos, Xos, Xos, Xos, Rr, Rr, Rr, Cud, Xos, Xos, Xos, Xos, Rr, Rr, Rr, Rr, Rr, Rr, Xos, Rr, Xos, Xos, Xos, Xos, Gg, Gs^Fp, Gs^Fp, Gs^Fp, Gg, Gg, Gg, Gg, Gg, Gg, Xos, Uu^Ii, Rd, Rd, Uu^Vu, Uu, Xos, Xos, Rr, Rr, Rr, Rr, Xos, 5 Rr, Rr, Xos, Xos, Rr, Rr, Rr, Rr, Rr, Xos, Xos
Gg, Gg, Gg, Gg, Gs^Fp, Gg, Gg, Gg, Gg, Rr, Rr, Rr, Xos, Xos, Xos, Xos, Rr, Rr, Rr, Rr, Rr, Rr, Xos, Xos, Rr, Rr, Rr, Xos, Xos, Gg, Gg, Gs^Fp, Gg, Gg, Gg, Gg, Gg, Gg, Xos, Rr, Uu^Vud, Rr, Xos, Xos, Rr, Rr, Rr, Rr, Rr, Rr, Xos, Rr, Rr, Xos, Xos, Rr, Rr, Rr, Rr, Rr, Xos, Xos
Gg, Gs^Ft, Gs^Fp, Gs^Fp, Gg^Ve, Gs^Fp, Gg, Gg, Rd, Gg, Gg, Rr, Xos, Xos, Xos, Xos, Rr, Rr, Rr, Rr, Rr, Rr, Xos, Rr, Rr, Rr, Rr, Xos, Xos, Xos, Xos, Gg, Gg, Gg, Gg, Gg, Gg, Rr, Cud, Xos, Xos, Xos, Rr, Rr, Rr, Rr, Rr, Rr, Rr, Uu^Vud, Xos, Rr, Rr, Xos, Xos, Rr, Rr, Rr, Rr, Rr, Xos, Xos
Gg, Gg, Gs^Fp, Gg, Gs^Ft, Gg, Rd, Rd, Gs^Ft, Gs^Fp, Gg, Gg, Xos, Xos, Xos, Xos, Xos, Rr, Rr, Rr, Xos, Rr, Rr, Xos, Xos, Rr, Rr, Xos, Xos, Xos, Ur, Xos, Xos, Gg, Xos, Xos, Cud, Rr, Rr, Rr, Rr, Rr, Rr, Rr, Rr, Rr, Rr, Rr, Xos, Xos, Xos, Rr, Rr, Xos, Rr, Rr, Rr, Rr, Rr, Rr, Xos, Xos
Gg, Gg, Gg, Gs^Fp, Gs^Fp, Rd, Gs^Fp, Gs^Fp, Gs^Fp, Gs^Ft, Gs^Ft, Gg, Gg, Xos, Xos, Xos, Xos, Xos, Xos, Xos, Xos, Xos, Rr, Xos, Rr, Rr, Xos, Xos, Ur, Ur, Ur, Ur, Ur, Xos, Xos, Xos, Xos, Rr, Rr, Rr, Rr, Rr, Cud, Rr, Rr, Rr, Ur, Xos, Ur, Xos, Xos, Rr, Rr, Rr, Rr, Rr, Rr, Rr, Xos, Xos, Ur, Xos
Gg, Gg^Ve, Gg, Gg, Rd, Rd, Gs^Fp, Gs^Fp, Gs^Fp, Gg^Ve, Gs^Fp, Gg, Gg, Xos, Xos, Xos, Xos, Xos, Xos, Xos, Xos, Xos, Rr, Xos, Xos, Rr, Xos, Ur, Ur, Ur, Ur, Ur, Xos, Ur, Ur, Ur, Ur, Ur, Xos, Rr, Cud, Cud, 8 Kud, Cud, Xos, Xos, Ur, Ur, Ur, Ur, Ur, Xos, Xos, Rr, Rr, Rr, Xos, Ur, Ur, Ur, Ur, Ur
Gg, Ce, Ce, Gg, Gg, Gg, Gs^Fp, Gg, Gg, Gs^Fp, Gs^Fp, Gg, Gg, Gg, Xos, Xos, Xos, Xos, Xos, Xos, Xos, Xos, Rr, Xos, Rr, Rr, Xos, Xos, Xos, Ur, Xos, Xos, Xos, Ur, Ur, Ur, Ur, Ur, Xos, Xos, Xos, Cud, Xos, Cud, Xos, Xos, Xos, Ur, Ur, Ur, Ur, Xos, Ur, Xos, Xos, Xos, Ur, Ur, Ur, Ur, Ur, Ur
Gg, 1 Ke, Ce, Ce, Gg, Gg, Gg, Gs^Ft, Gg, Gg, Gg, Gs^Fp, Gg, Gg^Vc, Xos, Xos, Xos, Xos, Xos, Xos, Xos, Xos, Xos, Rr, Xos, Xos, Xos, Xos, Xos, Xos, Xos, Xos, Xos, Xos, Xos, Ur, Xos, Xos, Xos, Xos, Xos, Xos, Xos, Xos, Xos, Xos, Xos, Xos, Xos, Xos, Ur, Ur, Ur, Ur, Ur, Xos, Xos, Ur, Ur, Ur, Ur, Ur
Gg, Gg, Gg, Gg, Gg, Gg, Gg, Gg, Gg, Gg, Gg, Gs^Fp, Gg, Gg, Gg, Xos, Xos, Xos, Xos, Xos, Xos, Xos, Xos, Xos, Xos, Xos, Xos, Xos, Xos, Xos, Xos, Xos, Xos, Xos, Xos, Xos, Xos, Xos, Xos, Xos, Xos, Xos, Xos, Xos, Xos, Xos, Xos, Xos, Xos, Xos, Xos, Ur, Ur, Ur, Xos, Xos, Xos, Xos, Xos, Ur, Ur, Ur
