border_size=1
usage=map

Ww, Ww, Ww, Ww, Ww, Ww, Ww, Gg, Gg, Gg, Gg, Gg, Gg, Gg, Gll^Fp, Gg, Gg, Gg, Gg, Gg, Gll^Fp, Gll^Fp, Gll^Fp, Gll^Fp, Gll^Fp, Gll^Fp, Gll^Fp, Gll^Fp, Gll^Fp, Gll^Fp, Gll^Fp, Gg, Gll^Fp, Gg, Gll^Fp
Ww, Ww, Ww, Ww, Ww, Ww, Ds, Ds, Gg, Gg, Gg, Gg, Gg, Gg, Gg, Rd, Rd, Rd, Rd, Gs^Fms, Gs^Fms, Gs^Fp, Gs^Fp, Gs^Fp, Gs^Fp, Gs^Fp, Gs^Fp, Gs^Fp, Gs^Fp, Gs^Fp, Gs^Fp, Gll^Fp, Gs^Fp, Gs^Fp, Gs^Fp
Ww, Ww, Ww, Ww, Ww, Ww, Ds, Rd, Rd, Rd, Gg, Gs^Fms, Rd, Rd, Re, Re, Gs^Fp, Dd^Dr, Rd, Rd, Gg, Gs^Fp, Gs^Fp, Gs^Fp, Gs^Fp, Gs^Fp, Gs^Fp, Gs^Fp, Gs^Fp, Gs^Fp, Gs^Fp, Gs^Fp, Gs^Fp, Gs^Fp, Gg^Fet
Ww, Ww, Ww, Ww, Ww, Ds, Ds, Dd^Vdt, Re, Gg, Gs^Fms, Gs^Fms, Gg, Gg, Re, Gs^Fp, Gs^Fp, Gs^Fms, Gs^Fms, Rd, Rd, Gs^Fp, Gs^Fp, Gs^Fp, Rb^Dr, Cv, Rd^Dr, Gg^Ve, Gs^Fp, Gs^Fp, Gs^Fp, Gs^Fp, Gs^Fp, Gs^Fp, Gs^Fp
Ww, Ww, Ww, Ww, Ds, Ds, Rd, Rd, Dd^Dr, Gg, Rd, Rd, Re, Re, Re, Gs^Fp, Gg^Ve, Gs^Fms, Gs^Fms, Gs^Fp, Gs^Fms, Rd, Rd, Rd, Cv, 3 Kv, Rd^Dr, Gs^Fp, Gs^Fp, Gs^Fp, Gs^Fp, Gs^Fp, Gs^Fp, Gs^Fp, Gs^Fp
Ww, Ww, Ww, Ww, Ds, Ds, Re, Rd, Re, Gg, Gg^Fet, Re, Re, Gs^Fp, Gs^Fp, Gs^Fp, Gs^Fms, Gs^Fms, Gs^Fms, Gs^Fms, Gs^Fms, Gs^Fp, Gs^Fp, Rd, Rd, Rd^Dr, Gg, Gs^Fp, Gs^Fp, Gs^Fp, Cv, Gs^Fp, Cv, Gs^Fp, Gs^Fp
Ww, Ww, Ww, Ww, Ds, Re, Rd, Rd, Gg, Gg, Gs^Fp, Re, Gs^Fp, Gs^Fp, Gs^Fp, Gs^Fp, Gs^Fms, Gs^Fms, Gs^Fms, Gs^Fms, Gs^Fp, Gs^Fp, Gs^Fp, Gs^Fp, Gs^Fp, Gs^Fp, Gs^Fp, Gs^Fp, Cv, Gs^Fp, Gs^Fp, Gg^Ve, Gs^Fp, Gs^Fp, Cv
Ww, Ww, Ww, Ww, Ch, Rd, Gg, Rd, Gg, Gg, Re, Re, Gs^Fms, Gs^Fms, Gs^Fms, Gs^Fms, Gs^Fms, Gs^Fms, Gs^Fp, Gs^Fp, Gs^Fp, Gs^Fp, Gs^Fp, Gs^Fp, Gs^Fp, Gs^Fp, Gs^Fp, Gs^Fp, Gs^Fp, Gg^Ve, Rb^Dr, Cv, Cv, Gg^Ve, Gs^Fp
Ww, Ww, Ww, Ch, 1 Kh, Ch, Gg, Rd, Gg, Re, Gs^Fp, Gs^Fms, Gs^Fp, Gs^Fms, Gs^Fms, Gs^Fp, Gs^Fms, Gs^Fms, Gs^Fms, Gs^Fp, Gs^Fp, Gs^Fp, Gs^Fp, Gs^Fp, Gs^Fp, Gs^Fp, Gs^Fp, Gs^Fp, Cv, Gs^Fp, Cv, Rb^Dr, Rb^Dr, Gs^Fp, Rb^Dr
Rd, Ww, Ds, Ch, Ch, Ch, Gg, Rd, Gg^Vh, Gg, Re, Gs^Fp, Re, Gs^Fms, Gs^Fms, Gs^Fms, Gs^Fms, Gs^Fms, Gs^Fms, Gs^Fp, Gs^Fp, Gs^Fp, Gg^Ve, Gs^Fp, Gs^Fp, Gs^Fp, Gs^Fp, Gs^Fp, Gs^Fp, Gg^Ve, Gs^Fp, Rb^Dr, Gs^Fp, Gg^Ve, Gs^Fp
Gg, Ds, Rd, Rd, Rd, Gg, Rd, Rd, Rd, Re, Gs^Fms, Gs^Fms, Dd^Dr, Re, Gs^Fms, Gs^Fms, Gs^Fp, Gs^Fms, Gs^Fp, Gs^Fp, Gs^Fp, Gs^Fp, Gs^Fp, Gs^Fp, Rd, Rd, Gs^Fp, Gs^Fp, Gs^Fp, Cv, Gs^Fp, Gg^Ve, Gs^Fp, Cv, Gs^Fp
Gg, Gg, Rd, Gg, Rd, Rd, Rd, Rd, Re, Re, Gs^Fp, Gs^Fms, Re, Gs^Fp, Gs^Fms, Gs^Fp, Gs^Fp, Gs^Fp, Gs^Fp, Gs^Fp, Gs^Fp, Gs^Fp, Gs^Fp, Gs^Fp, Rd, Rd, Gs^Fp, Gs^Fp, Gs^Fp, Gs^Fp, Gs^Fp, Rb^Dr, Gs^Fp, Gs^Fp, Gs^Fp
Gg, Gg, Gg, Rd, Rd, Rd, Rd, Re, Gg, Gg, Gs^Fp, Gs^Fms, Re, Gs^Fp, Gs^Fms, Gs^Fp, Gs^Fp, Gs^Fp, Gs^Fp, Gs^Fp, Gs^Fms, Gs^Fms, Gs^Fms, Gs^Fp, Rd, Gs^Fp, Gs^Fp, Gs^Fp, Gs^Fp, Gs^Fp, Gs^Fp, Gs^Fp, Gs^Fp, Gs^Fp, Gs^Fp
Gg, Gg, Gg, Gg, Re, Re, Rd, Dd^Dr, Gg, Gg, Re, Gs^Fms, Gs^Fms, Gs^Fms, Gs^Fp, Gs^Fp, Gs^Fp, Gs^Fp, Gs^Fp, Gs^Fms, Re, Gs^Fp, Gs^Fms, Rd, Gs^Fp, Gs^Fp, Gs^Fms, Gs^Fp, Gs^Fp, Gs^Fp, Gs^Fp, Gs^Fp, Gs^Fp, Gs^Fp, Gs^Fp
Gg, Gg, Gg, Gg, Gg, Gg, Rd, Rd, Re, Gg, Gg, Rd, Gg^Fet, Gs^Fp, Gs^Fp, Gs^Fp, Rd, Rd, Gs^Fp, Re, Gs^Fp, Re, Gs^Fms, Gs^Fp, Gs^Fms, Gs^Fms, Gs^Fms, Gs^Fms, Gs^Fp, Gs^Fp, Gs^Fp, Gs^Fms, Gs^Fms, Gs^Fms, Gs^Fp
Gg, Gg, Gg, Gg, Rd, Rd, Re, Re, Re, Gg, Rd, Gs^Fp, Rd, Gs^Fp, Gs^Fp, Rd, Gs^Fp, Rd, Gll^Fp, Gs^Fms, Gs^Fms, Re, Re, Gs^Fms, Re, Gs^Fp, Gs^Fms, Gs^Fp, Gs^Fp, Gs^Fms, Gs^Fms, Gs^Fp, Gs^Fp, Gs^Fms, Gs^Fms
Gg, Gg, Rd, Gg, Rd, Gg, Rd, Re, Gg, Re, Gg, Rd, Rd, Gs^Fp, Rd, Rd, Rd, Gs^Fp, Gll^Fp, Gll^Fp, Gll^Fp, Re, Re, Dd^Dr, Re, Gs^Fms, Gs^Fms, Gg^Ve, Gs^Fp, Gs^Fp, Gs^Fp, Gs^Fms, Gs^Fms, Gs^Fms, Gs^Fms
Gg, Rd, Rd, Rd, Gg^Vh, Rd, Rd, Re, Re, Re, Re, Dd^Dr, Rd, Rd, Rd, Gs^Fp, Rd, Gs^Fp, Gs^Fp, Gs^Fms, Gs^Fp, Re, Re, Re, Gs^Fms, Gs^Fms, Gs^Fp, Gs^Fp, Gg^Ve, Gg^Fet, Gs^Fp, Gs^Fms, Gs^Fms, Gs^Fms, Gs^Fms
Gg, Rd, Rd, Gg, Dd^Dr, Rd, Rd, Rd, Re, Rd, Gg, Re, Gg, Gs^Fp, Gs^Fp, Dd^Dr, Gs^Fp, Gs^Fp, Gs^Fp, Gs^Fp, Re, Re, Re, Gs^Fp, Gs^Fms, Gs^Fp, Gs^Fp, Gs^Fp, Gs^Fp, Gs^Fp, Gs^Fp, Gs^Fms, Gs^Fms, Gs^Fms, Gs^Fp
Gg, Gg, Gg, Rd, Rd, Re, Re, Gg, Re, Rd, Rd, Gg, Rd, Gg, Gg^Vh, Gs^Fp, Gs^Fp, Gs^Fp, Gs^Fp, Gs^Fp, Gs^Fp, Gs^Fp, Gs^Fp, Gs^Fp, Gs^Fp, Gs^Fp, Gs^Fp, Gs^Fp, Gs^Fp, Gs^Fp, Gs^Fp, Gs^Fp, Gs^Fp, Gs^Fp, Gs^Fp
Gg, Gg, Gg, Gg, Gg, Gg, Gs, Re, Gs^Fp, Rd, Gg, Rd, Gg, Gg, Gg, Gg, Gg, Gs^Fp, Gs^Fp, Gs^Fp, Gs^Fp, Gs^Fp, Gs^Fms, Gs^Fp, Gs^Fms, Gs^Fp, Gg, Gs^Fp, Gg, Gs^Fp, Gs^Fms, Gs^Fp, Gs^Fp, Gs^Fp, Gs^Fp
Gg, Gg, Gg, Gg, Gs^Fms, Gs^Fms, Gs^Fms, Gg, Hh, Hh, Hh, Hh, Gs^Fp, Gs^Fp, Hh, Gg, Gs^Fp, Gg, Gg, Gs^Fp, Gg, Gs^Fp, Gg, Gg, Gg, Gs^Fp, Gg, Gg, Gs^Fp, Gs^Fp, Gg, Gs^Fms, Gs^Fms, Gs^Fp, Gg
Gg, Gg, Gg, Gg, Gs^Fms, Gs^Fms, Gs^Fp, Gs^Fms, Gs^Fms, Gs^Fms, Gs^Fms, Gs^Fms, Gs, Gs^Fp, Hh, Hh, Hh, Gs^Fp, Gs^Fp, Gg, Gs^Fp, Gg, Gs^Fp, Gs^Fp, Gs^Fp, Gs^Fp, Gg, Gg^Ve, Gs^Fp, Gg, Gg, Gs^Fms, Gs^Fp, Gs^Fp, Gg
Gg, Gg, Gs^Fms, Gs^Fms, Dd^Dr, Gs^Fp, Gg, Gs^Fp, Gs^Fms, Gs^Fp, Gg, Gs, Gs^Fp, Gs, Gs, Hh, Hh, Gs^Fms, Gs^Fms, Gs^Fp, Gs^Fp, Gs^Fp, Gs^Fp, Gs^Fp, Gg, Gg, Gs^Fp, Gs^Fp, Gs^Fp, Gs^Fp, Gs^Fp, Gs^Fp, Gs^Fp, Gg, Gg
Gs^Fms, Gs^Fms, Gs^Fms, Gs^Fms, Gs^Fp, Gs^Fp, Gs^Fms, Gs^Fms, Gs^Fp, Gg, Gs^Fp, Gg, Ww, Ww^Bw|, Ww, Hh, Ww, Gs^Fp, Gs^Fp, Gs^Fp, Cv, Gs^Fp, Gs^Fp, Gs^Fp, Gs^Fms, Gs^Fms, Gs^Fp, Gg, Gs^Fp, Gs^Fp, Gg, Gs^Fp, Gg, Gg, Gg
Gs^Fms, Gs^Fms, Gs^Fp, Gs^Fp, Ww, Ww, Ww, Ww, Ww, Ww, Ww, Ww, Gs^Fp, Ww^Bw|, Gg, Ww, Ww, Cv, Gs^Fp, Gs^Fp, Re^Uf, Ww, Ww, Ww, Ww, Gs^Fms, Gs^Fp, Gs^Fp, Re^Uf, Gs^Fp, Gs^Fp, Gs^Fp, Gg, Gs^Fp, Gg
Gg, Gg, Ww, Ww, Gs^Fp, Gs^Fp, Gs^Fp, Gs^Fp, Gs^Fp, Gs^Fp, Gs^Fp, Gs^Fp, Dd^Dr, Gs^Fp, Gs^Fp, Gs^Fp, Gg^Ve, Re, Re, Gs^Fp, Gs^Fp, Gs^Fms, Gll^Fdw, Ww, Gg, Ww, Ww, Gs^Fp, Dd^Dr, Gs^Fp, Gs^Fp, Gs^Fp, Gs^Fp, Gs^Fp, Gg
Ww, Ww, Ww, Gs^Fp, Gg, Gs^Fp, Gg, Gg, Gg, Gg, Gg, Gs^Fp, Gg, Gs^Fp, Gs^Fp, Dd^Dr, Rd, Gs^Fp, Re, Gs^Fp, Gll^Fdw, Gs^Fp, Gll^Fdw, Gs^Fms, Gs^Fp, Re^Uf, Re^Uf, Ww, Ww, Ww, Ww, Gs^Fp, Gs^Fp, Gg, Ww
Ww, Ww, Gg, Gg, Gg, Gs^Fp, Re^Uf, Gs^Fp, Gg, Gs^Fp, Gg, Gs^Fp, Gs^Fp, Gs^Fp, Gg, Gs^Fp, Gll^Fdw, Rd, Re, Re, Gs^Fp, Gll^Fdw, Gs^Fp, Gll^Fdw, Gll^Fdw, Re^Uf, Gs^Fp, Gg, Gs^Fp, Re, Gs^Fp, Ww, Ww, Ww, Gg
Gg, Gg, Gs^Fp, Gs^Fp, Gg, Gs^Fp, Gs^Fp, Re^Uf, Re^Uf, Gs^Fp, Gg, Gg, Chr, Hh, Hh, Gll^Fdw, Gs^Fp, Rd, Rd, Re, Gll^Fdw, Re, Re, Re, Re^Uf, Re^Uf, Hh, Hh, Re, Re, Re^Uf, Re, Re, Re, Gg
Gg, Gs^Fp, Gg, Gll^Fp, Gg, Gs^Fp, Re^Uf, Re^Uf, Re^Uf, Gs^Fp, Re, Chr, 4 Khr, Chr, Hh, Gs^Fms, Re^Uf, Gll^Fdw, Gll^Fdw, Rd, Hh, Dd^Dr, Gs^Fp, Gs^Fp, Re^Uf, Re^Uf, Gll^Fdw, Gs^Fp, Re, Gll^Fdw, Re^Uf, Gll^Fdw, Re, Re, Gg
Gg, Gs^Fp, Gll^Fp, Gll^Fp, Gll^Fp, Gs^Fp, Re^Uf, Re, Re, Gs^Fp, Re, Gs^Fp, Re, Gs^Fp, Hh, Re^Uf, Gs^Fp, Gg, Gs^Fp, Gs^Fp, Gs^Fp, Rd, Rd, Gll^Fdw, Gs^Fp, Re^Uf, Re, Re, Gs^Fp, Re, Gll^Fdw, Re^Uf, Gs^Fp, Re, Gg
Gg, Gll^Fp, Gg^Fet, Gg^Fet, Gg^Fet, Gll^Fp, Gs^Fp, Gs^Fp, Re, Gg, Gll^Fdw, Re, Re, Hh, Gs^Fp, Re, Gs^Fp, Gg^Ve, Gll^Fdw, Gll^Fdw, Re, Re, Rd, Re, Re, Gll^Fdw, Re, Gll^Fdw, Re, Gg^Ve, Re, Re, Re, Re, Gg
Gg, Gll^Fp, Gg^Fet, Gg^Fet, Gg^Fet, Gs^Fp, Gg, Gs^Fp, Gg, Gll^Fdw, Gs^Fp, Gll^Fdw, Re, Gll^Fdw, Gll^Fdw, Re, Gs^Fp, Gs^Fp, Gll^Fdw, Re, Gs^Fp, Re, Re^Uf, Re^Uf, Re, Gs^Fp, Re, Gs^Fp, Re, Gs^Fp, Re, Re, Gs^Fp, Re, Gg
Gg, Gll^Fp, Gs^Fp, Gg^Fet, Gll^Fp, Gll^Fp, Gg, Gll^Fdw, Gs^Fp, Dd^Dr, Gll^Fdw, Gs^Fp, Re, Re, Gll^Fdw, Gll^Fdw, Gs^Fp, Re^Uf, Gll^Fdw, Hh, Hh, Re, Re, Re^Uf, Re, Dd^Dr, Gll^Fdw, Gll^Fdw, Re, Re, Re, Re, Re, Re, Gg
Gg, Gll^Fp, Gs^Fp, Gs^Fp, Gs^Fp, Gg^Ve, Gs^Fp, Gs^Fp, Gg, Gll^Fdw, Gs^Fp, Gll^Fdw, Gs^Fp, Gs^Fp, Dd^Dr, Re, Gll^Fdw, Re^Uf, Re, Gll^Fdw, Gs^Fp, Hh, Gll^Fdw, Re, Gll^Fdw, Rd, Gll^Fdw, Re, Gll^Fdw, Re, Gll^Fdw, Re, Re, Re, Gg
Gg, Gs^Fp, Gs^Fp, Gs^Fp, Gg, Gs^Fp, Gs^Fp, Gg, Gs^Fp, Gs^Fp, Re, Gll^Fdw, Re, Re, Re, Gs^Fp, Re^Uf, Re^Uf, Re^Uf, Re, Hh, Hh, Gs^Fp, Re, Gll^Fdw, Gll^Fdw, Cud, Cud, Cud, Gll^Fdw, Gll^Fdw, Gll^Fdw, Gll^Fdw, Gll^Fdw, Gs^Fp
Gg, Gs^Fp, Gs^Fp, Gs^Fp, Gs^Fp, Gg, Gg, Gs^Fp, Gs^Fp, Re, Gll^Fdw, Gs^Fp, Gll^Fdw, Gs^Fp, Re, Gll^Fdw, Gs^Fp, Re^Uf, Gll^Fdw, Gs^Fp, Hh, Gs^Fp, Re, Gll^Fdw, Gll^Fdw, Re, Cud, 2 Kh, Cv, Gll^Fdw, Gll^Fdw, Gll^Fdw, Gll^Fdw, Gs^Fp, Gs^Fp
Gs^Fp, Gs^Fp, Gs^Fp, Gg, Gs^Fp, Gs^Fp, Gs^Fp, Gs^Fp, Re, Re, Gs^Fp, Gs^Fp, Re, Re, Re, Re, Gll^Fdw, Re, Gs^Fp, Gs^Fp, Gs^Fp, Gg^Ve, Gs^Fp, Gll^Fdw, Gll^Fdw, Re, Re, Cv, Cv, Gll^Fdw, Gll^Fdw, Gll^Fdw, Gll^Fdw, Gs^Fp, Gg
Gs^Fp, Gs^Fp, Gg, Gs^Fp, Re, Re, Re, Re, Gs^Fp, Re, Re, Re, Re, Gs^Fp, Gll^Fdw, Re, Re, Gs^Fp, Dd^Dr, Gll^Fdw, Gs^Fp, Gs^Fp, Re, Gs^Fp, Gll^Fdw, Gll^Fdw, Re, Gll^Fdw, Gll^Fdw, Gll^Fdw, Gg, Gll^Fdw, Gs^Fp, Gg, Gg
Gg, Gg, Gg, Gg, Gg, Gg, Gg, Gs^Fp, Gg, Gs^Fp, Gg, Gll^Fdw, Gg, Gll^Fdw, Gs^Fp, Gs^Fp, Gg, Gll^Fdw, Gs^Fp, Gll^Fdw, Gg, Gs^Fp, Gs^Fp, Gg, Gs^Fp, Gg, Gg, Gg, Gg, Gll^Fdw, Gg, Gg, Gg, Gg, Gg
